// Jest Snapshot v1, https://goo.gl/fbAQLP

exports[`MoviesListLikeThis correctly renders after relunch 1`] = `
<section
  className="catalog catalog--like-this"
>
  <h2
    className="catalog__title"
  >
    More like this
  </h2>
  <div>
    Mock Children
  </div>
</section>
`;
