// Jest Snapshot v1, https://goo.gl/fbAQLP

exports[`UserBlock correctly renders with logined user:  1`] = `
<div
  className="user-block"
>
  <div
    className="user-block__avatar"
  >
    <img
      alt="User avatar"
      height="63"
      src="img/avatar.jpg"
      width="63"
    />
  </div>
</div>
`;

exports[`UserBlock correctly renders with logouted user:  1`] = `
<div
  className="user-block"
>
  <a
    className="user-block__link"
    href="#"
    onClick={[MockFunction]}
  >
    Sign in
  </a>
</div>
`;
