// Jest Snapshot v1, https://goo.gl/fbAQLP

exports[`VideoPlayer correctly renders after relunch 1`] = `
<video
  className="player__video"
  poster="img/aviator.jpg"
>
  <source
    src="https://upload.wikimedia.org/wikipedia/commons/transcoded/b/b3/Big_Buck_Bunny_Trailer_400p.ogv/Big_Buck_Bunny_Trailer_400p.ogv.360p.webm"
    type="video/webm"
  />
  <source
    src="https://download.blender.org/durian/trailer/sintel_trailer-480p.mp4"
    type="video/mp4"
  />
  К сожалению, ваш браузер не поддерживает HTML5 Video.
</video>
`;
