// Jest Snapshot v1, https://goo.gl/fbAQLP

exports[`SmallMovieCard correctly renders after relunch 1`] = `
<article
  className="small-movie-card catalog__movies-card"
  onClick={[Function]}
  onMouseEnter={[Function]}
  onMouseLeave={[Function]}
>
  <div
    className="small-movie-card__image"
  >
    <img
      alt="Aviator"
      height="175"
      src="img/aviator.jpg"
      width="280"
    />
  </div>
  <h3
    className="small-movie-card__title"
  >
    <a
      className="small-movie-card__link"
      href="/film/:0"
    >
      Aviator
    </a>
  </h3>
</article>
`;
